2025-12-30 18:07:23,950 | INFO | ======================================
2025-12-30 18:07:23,951 | INFO | 🚀 DÉMARRAGE PIPELINE AUTOMATISÉ
2025-12-30 18:07:23,951 | INFO | ======================================
2025-12-30 18:07:23,951 | INFO | ✅ CSV d'entrée trouvé : wazuh_logs.csv
2025-12-30 18:07:23,953 | INFO | 📌 Étape 1/3 : Ingestion CSV + export dataset...
2025-12-30 18:07:32,032 | INFO | ✅ Dataset exporté trouvé : exports/index_dump_auto.csv
2025-12-30 18:07:32,033 | INFO | 📌 Étape 2/3 : Entraînement ML...
2025-12-30 18:07:39,994 | INFO | ✅ Modèle ML sauvegardé trouvé : models\best_severity_model.joblib
2025-12-30 18:07:39,998 | INFO | ✅ Métriques sauvegardées trouvé : models/severity_metrics.json
2025-12-30 18:07:39,998 | INFO | ✅ Modèle entraîné et sauvegardé : models\best_severity_model.joblib
2025-12-30 18:07:39,999 | INFO | 📊 Métriques : {
  "f1_macro": 0.967190633656506,
  "class_labels": [
    "critical",
    "high",
    "low",
    "medium"
  ]
}
2025-12-30 18:07:39,999 | INFO | 📌 Étape 3/3 : Prédiction sur Wazuh Indexer...
2025-12-30 18:07:40,450 | INFO | ✅ Nombre de prédictions réalisées : 5
2025-12-30 18:07:40,450 | INFO | ======================================
2025-12-30 18:07:40,450 | INFO | ✅ PIPELINE TERMINÉ AVEC SUCCÈS
2025-12-30 18:07:40,450 | INFO | ======================================
2025-12-30 18:08:36,572 | INFO | ======================================
2025-12-30 18:08:36,572 | INFO | 🚀 DÉMARRAGE PIPELINE AUTOMATISÉ
2025-12-30 18:08:36,573 | INFO | ======================================
2025-12-30 18:08:36,573 | INFO | ✅ CSV d'entrée trouvé : wazuh_logs.csv
2025-12-30 18:08:36,573 | INFO | 📌 Étape 1/3 : Ingestion CSV + export dataset...
2025-12-30 18:08:44,489 | INFO | ✅ Dataset exporté trouvé : exports/index_dump_auto.csv
2025-12-30 18:08:44,489 | INFO | 📌 Étape 2/3 : Entraînement ML...
2025-12-30 18:08:53,338 | INFO | ✅ Modèle ML sauvegardé trouvé : models\best_severity_model.joblib
2025-12-30 18:08:53,339 | INFO | ✅ Métriques sauvegardées trouvé : models/severity_metrics.json
2025-12-30 18:08:53,339 | INFO | ✅ Modèle entraîné et sauvegardé : models\best_severity_model.joblib
2025-12-30 18:08:53,339 | INFO | 📊 Métriques : {
  "f1_macro": 0.9599343540301417,
  "class_labels": [
    "critical",
    "high",
    "low",
    "medium"
  ]
}
2025-12-30 18:08:53,340 | INFO | 📌 Étape 3/3 : Prédiction sur Wazuh Indexer...
2025-12-30 18:08:53,728 | INFO | ✅ Nombre de prédictions réalisées : 5
2025-12-30 18:08:53,729 | INFO | ======================================
2025-12-30 18:08:53,729 | INFO | ✅ PIPELINE TERMINÉ AVEC SUCCÈS
2025-12-30 18:08:53,729 | INFO | ======================================
2025-12-30 18:09:33,744 | INFO | ======================================
2025-12-30 18:09:33,745 | INFO | 🚀 DÉMARRAGE PIPELINE AUTOMATISÉ
2025-12-30 18:09:33,745 | INFO | ======================================
2025-12-30 18:09:33,746 | INFO | ✅ CSV d'entrée trouvé : wazuh_logs.csv
2025-12-30 18:09:33,746 | INFO | 📌 Étape 1/3 : Ingestion CSV + export dataset...
2025-12-30 18:09:41,395 | INFO | ✅ Dataset exporté trouvé : exports/index_dump_auto.csv
2025-12-30 18:09:41,396 | INFO | 📌 Étape 2/3 : Entraînement ML...
2025-12-30 18:09:48,623 | INFO | ✅ Modèle ML sauvegardé trouvé : models\best_severity_model.joblib
2025-12-30 18:09:48,624 | INFO | ✅ Métriques sauvegardées trouvé : models/severity_metrics.json
2025-12-30 18:09:48,624 | INFO | ✅ Modèle entraîné et sauvegardé : models\best_severity_model.joblib
2025-12-30 18:09:48,624 | INFO | 📊 Métriques : {
  "f1_macro": 0.9611232560168885,
  "class_labels": [
    "critical",
    "high",
    "low",
    "medium"
  ]
}
2025-12-30 18:09:48,625 | INFO | 📌 Étape 3/3 : Prédiction sur Wazuh Indexer...
2025-12-30 18:09:48,957 | INFO | ✅ Nombre de prédictions réalisées : 5
2025-12-30 18:09:48,958 | INFO | ======================================
2025-12-30 18:09:48,958 | INFO | ✅ PIPELINE TERMINÉ AVEC SUCCÈS
2025-12-30 18:09:48,959 | INFO | ======================================
2025-12-30 18:12:13,835 | INFO | ======================================
2025-12-30 18:12:13,835 | INFO | 🚀 DÉMARRAGE PIPELINE AUTOMATISÉ
2025-12-30 18:12:13,836 | INFO | ======================================
2025-12-30 18:12:13,836 | INFO | ✅ CSV d'entrée trouvé : wazuh_logs.csv
2025-12-30 18:12:13,837 | INFO | 📌 Étape 1/3 : Ingestion CSV + export dataset...
2025-12-30 18:12:21,447 | INFO | ✅ Dataset exporté trouvé : exports/index_dump_auto.csv
2025-12-30 18:12:21,447 | INFO | 📌 Étape 2/3 : Entraînement ML...
2025-12-30 18:12:29,866 | INFO | ✅ Modèle ML sauvegardé trouvé : models\best_severity_model.joblib
2025-12-30 18:12:29,866 | INFO | ✅ Métriques sauvegardées trouvé : models/severity_metrics.json
2025-12-30 18:12:29,867 | INFO | ✅ Modèle entraîné et sauvegardé : models\best_severity_model.joblib
2025-12-30 18:12:29,867 | INFO | 📊 Métriques : {
  "f1_macro": 0.9614329295375589,
  "class_labels": [
    "critical",
    "high",
    "low",
    "medium"
  ]
}
2025-12-30 18:12:29,867 | INFO | 📌 Étape 3/3 : Prédiction sur Wazuh Indexer...
2025-12-30 18:14:42,754 | INFO | ======================================
2025-12-30 18:14:42,754 | INFO | 🚀 DÉMARRAGE PIPELINE AUTOMATISÉ
2025-12-30 18:14:42,755 | INFO | ======================================
2025-12-30 18:14:42,756 | INFO | ✅ CSV d'entrée trouvé : wazuh_logs.csv
2025-12-30 18:14:42,756 | INFO | 📌 Étape 1/3 : Ingestion CSV + export dataset...
2025-12-30 18:14:53,981 | INFO | ✅ Dataset exporté trouvé : exports/index_dump_auto.csv
2025-12-30 18:14:53,982 | INFO | 📌 Étape 2/3 : Entraînement ML...
2025-12-30 18:15:04,458 | INFO | ✅ Modèle ML sauvegardé trouvé : models\best_severity_model.joblib
2025-12-30 18:15:04,459 | INFO | ✅ Métriques sauvegardées trouvé : models/severity_metrics.json
2025-12-30 18:15:04,459 | INFO | ✅ Modèle entraîné et sauvegardé : models\best_severity_model.joblib
2025-12-30 18:15:04,460 | INFO | 📊 Métriques : {
  "f1_macro": 0.9646720922062183,
  "class_labels": [
    "critical",
    "high",
    "low",
    "medium"
  ]
}
2025-12-30 18:15:04,460 | INFO | 📌 Étape 3/3 : Prédiction sur Wazuh Indexer...
2025-12-30 18:15:15,353 | INFO | ✅ Nombre de prédictions réalisées : 500
2025-12-30 18:15:15,353 | INFO | ======================================
2025-12-30 18:15:15,353 | INFO | ✅ PIPELINE TERMINÉ AVEC SUCCÈS
2025-12-30 18:15:15,355 | INFO | ======================================
2025-12-30 20:23:26,163 | INFO | ======================================
2025-12-30 20:23:26,163 | INFO | 🚀 DÉMARRAGE PIPELINE AUTOMATISÉ
2025-12-30 20:23:26,164 | INFO | ======================================
2025-12-30 20:23:26,164 | INFO | ✅ CSV d'entrée trouvé : wazuh_logs.csv
2025-12-30 20:23:26,164 | INFO | 📌 Étape 1/3 : Ingestion CSV + export dataset...
2025-12-30 20:23:37,819 | INFO | ✅ Dataset exporté trouvé : exports/index_dump_auto.csv
2025-12-30 20:23:37,820 | INFO | 📌 Étape 2/3 : Entraînement ML...
2025-12-30 20:23:45,770 | INFO | ✅ Modèle ML sauvegardé trouvé : models\best_severity_model.joblib
2025-12-30 20:23:45,772 | INFO | ✅ Métriques sauvegardées trouvé : models/severity_metrics.json
2025-12-30 20:23:45,772 | INFO | ✅ Modèle entraîné et sauvegardé : models\best_severity_model.joblib
2025-12-30 20:23:45,772 | INFO | 📊 Métriques : {
  "f1_macro": 0.9663803134832692,
  "class_labels": [
    "critical",
    "high",
    "low",
    "medium"
  ]
}
2025-12-30 20:23:45,773 | INFO | 📌 Étape 3/3 : Prédiction sur Wazuh Indexer...
2025-12-30 20:23:56,087 | INFO | ✅ Nombre de prédictions réalisées : 2
2025-12-30 20:23:56,087 | INFO | ======================================
2025-12-30 20:23:56,087 | INFO | ✅ PIPELINE TERMINÉ AVEC SUCCÈS
2025-12-30 20:23:56,088 | INFO | ======================================
2025-12-30 20:27:58,083 | INFO | ======================================
2025-12-30 20:27:58,084 | INFO | 🚀 DÉMARRAGE PIPELINE AUTOMATISÉ
2025-12-30 20:27:58,084 | INFO | ======================================
2025-12-30 20:27:58,084 | INFO | ✅ CSV d'entrée trouvé : wazuh_logs.csv
2025-12-30 20:27:58,084 | INFO | 📌 Étape 1/3 : Ingestion CSV + export dataset...
2025-12-30 20:28:08,085 | INFO | ✅ Dataset exporté trouvé : exports/index_dump_auto.csv
2025-12-30 20:28:08,085 | INFO | 📌 Étape 2/3 : Entraînement ML...
2025-12-30 20:28:16,081 | INFO | ✅ Modèle ML sauvegardé trouvé : models\best_severity_model.joblib
2025-12-30 20:28:16,082 | INFO | ✅ Métriques sauvegardées trouvé : models/severity_metrics.json
2025-12-30 20:28:16,082 | INFO | ✅ Modèle entraîné et sauvegardé : models\best_severity_model.joblib
2025-12-30 20:28:16,082 | INFO | 📊 Métriques : {
  "f1_macro": 0.9666457766638908,
  "class_labels": [
    "critical",
    "high",
    "low",
    "medium"
  ]
}
2025-12-30 20:28:16,083 | INFO | 📌 Étape 3/3 : Prédiction sur Wazuh Indexer...
2025-12-30 20:28:27,886 | INFO | ✅ Nombre de prédictions réalisées : 2
2025-12-30 20:28:27,886 | INFO | ======================================
2025-12-30 20:28:27,888 | INFO | ✅ PIPELINE TERMINÉ AVEC SUCCÈS
2025-12-30 20:28:27,888 | INFO | ======================================
2025-12-30 21:14:31,183 | INFO | ======================================
2025-12-30 21:14:31,184 | INFO | 🚀 DÉMARRAGE PIPELINE AUTOMATISÉ
2025-12-30 21:14:31,184 | INFO | ======================================
2025-12-30 21:14:31,184 | INFO | ✅ CSV d'entrée trouvé : wazuh_logs.csv
2025-12-30 21:14:31,186 | INFO | 📌 Étape 1/3 : Ingestion CSV + export dataset...
2025-12-30 21:14:39,994 | INFO | ✅ Dataset exporté trouvé : exports/index_dump_auto.csv
2025-12-30 21:14:39,994 | INFO | 📌 Étape 2/3 : Entraînement ML...
2025-12-30 21:14:48,626 | INFO | ✅ Modèle ML sauvegardé trouvé : models\best_severity_model.joblib
2025-12-30 21:14:48,626 | INFO | ✅ Métriques sauvegardées trouvé : models/severity_metrics.json
2025-12-30 21:14:48,626 | INFO | ✅ Modèle entraîné et sauvegardé : models\best_severity_model.joblib
2025-12-30 21:14:48,627 | INFO | 📊 Métriques : {
  "f1_macro": 0.9593963703719028,
  "class_labels": [
    "critical",
    "high",
    "low",
    "medium"
  ]
}
2025-12-30 21:14:48,627 | INFO | 📌 Étape 3/3 : Prédiction sur Wazuh Indexer...
2025-12-30 21:15:00,561 | INFO | ✅ Nombre de prédictions réalisées : 2
2025-12-30 21:15:00,562 | INFO | ======================================
2025-12-30 21:15:00,562 | INFO | ✅ PIPELINE TERMINÉ AVEC SUCCÈS
2025-12-30 21:15:00,562 | INFO | ======================================
2025-12-30 21:17:29,731 | INFO | ======================================
2025-12-30 21:17:29,731 | INFO | 🚀 DÉMARRAGE PIPELINE AUTOMATISÉ
2025-12-30 21:17:29,731 | INFO | ======================================
2025-12-30 21:17:29,732 | INFO | ✅ CSV d'entrée trouvé : wazuh_logs.csv
2025-12-30 21:17:29,732 | INFO | 📌 Étape 1/3 : Ingestion CSV + export dataset...
2025-12-30 21:17:37,357 | INFO | ✅ Dataset exporté trouvé : exports/index_dump_auto.csv
2025-12-30 21:17:37,357 | INFO | 📌 Étape 2/3 : Entraînement ML...
2025-12-30 21:17:45,012 | INFO | ✅ Modèle ML sauvegardé trouvé : models\best_severity_model.joblib
2025-12-30 21:17:45,012 | INFO | ✅ Métriques sauvegardées trouvé : models/severity_metrics.json
2025-12-30 21:17:45,013 | INFO | ✅ Modèle entraîné et sauvegardé : models\best_severity_model.joblib
2025-12-30 21:17:45,013 | INFO | 📊 Métriques : {
  "f1_macro": 0.9553241711794177,
  "class_labels": [
    "critical",
    "high",
    "low",
    "medium"
  ]
}
2025-12-30 21:17:45,013 | INFO | 📌 Étape 3/3 : Prédiction sur Wazuh Indexer...
2025-12-30 21:17:55,286 | INFO | ✅ Nombre de prédictions réalisées : 2
2025-12-30 21:17:55,286 | INFO | ======================================
2025-12-30 21:17:55,287 | INFO | ✅ PIPELINE TERMINÉ AVEC SUCCÈS
2025-12-30 21:17:55,287 | INFO | ======================================
2025-12-30 21:18:10,134 | INFO | ======================================
2025-12-30 21:18:10,134 | INFO | 🚀 DÉMARRAGE PIPELINE AUTOMATISÉ
2025-12-30 21:18:10,134 | INFO | ======================================
2025-12-30 21:18:10,135 | INFO | ✅ CSV d'entrée trouvé : wazuh_logs.csv
2025-12-30 21:18:10,135 | INFO | 📌 Étape 1/3 : Ingestion CSV + export dataset...
2025-12-30 21:18:17,364 | INFO | ✅ Dataset exporté trouvé : exports/index_dump_auto.csv
2025-12-30 21:18:17,365 | INFO | 📌 Étape 2/3 : Entraînement ML...
2025-12-30 21:18:24,987 | INFO | ✅ Modèle ML sauvegardé trouvé : models\best_severity_model.joblib
2025-12-30 21:18:24,987 | INFO | ✅ Métriques sauvegardées trouvé : models/severity_metrics.json
2025-12-30 21:18:24,987 | INFO | ✅ Modèle entraîné et sauvegardé : models\best_severity_model.joblib
2025-12-30 21:18:24,987 | INFO | 📊 Métriques : {
  "f1_macro": 0.9582717603080352,
  "class_labels": [
    "critical",
    "high",
    "low",
    "medium"
  ]
}
2025-12-30 21:18:24,989 | INFO | 📌 Étape 3/3 : Prédiction sur Wazuh Indexer...
2025-12-30 21:18:35,009 | INFO | ✅ Nombre de prédictions réalisées : 2
2025-12-30 21:18:35,009 | INFO | ======================================
2025-12-30 21:18:35,010 | INFO | ✅ PIPELINE TERMINÉ AVEC SUCCÈS
2025-12-30 21:18:35,010 | INFO | ======================================
2025-12-30 21:21:24,266 | INFO | ======================================
2025-12-30 21:21:24,266 | INFO | 🚀 DÉMARRAGE PIPELINE AUTOMATISÉ
2025-12-30 21:21:24,267 | INFO | ======================================
2025-12-30 21:21:24,267 | INFO | ✅ CSV d'entrée trouvé : wazuh_logs.csv
2025-12-30 21:21:24,267 | INFO | 📌 Étape 1/3 : Ingestion CSV + export dataset...
2025-12-30 21:21:38,964 | INFO | ✅ Dataset exporté trouvé : exports/index_dump_auto.csv
2025-12-30 21:21:38,964 | INFO | 📌 Étape 2/3 : Entraînement ML...
2025-12-30 21:21:53,503 | INFO | ✅ Modèle ML sauvegardé trouvé : models\best_severity_model.joblib
2025-12-30 21:21:53,504 | INFO | ✅ Métriques sauvegardées trouvé : models/severity_metrics.json
2025-12-30 21:21:53,504 | INFO | ✅ Modèle entraîné et sauvegardé : models\best_severity_model.joblib
2025-12-30 21:21:53,505 | INFO | 📊 Métriques : {
  "f1_macro": 0.965965709593153,
  "class_labels": [
    "critical",
    "high",
    "low",
    "medium"
  ]
}
2025-12-30 21:21:53,506 | INFO | 📌 Étape 3/3 : Prédiction sur Wazuh Indexer...
2025-12-30 21:22:12,446 | INFO | ✅ Nombre de prédictions réalisées : 2
2025-12-30 21:22:12,446 | INFO | ======================================
2025-12-30 21:22:12,447 | INFO | ✅ PIPELINE TERMINÉ AVEC SUCCÈS
2025-12-30 21:22:12,448 | INFO | ======================================
2025-12-30 21:32:29,476 | INFO | ======================================
2025-12-30 21:32:29,476 | INFO | 🚀 DÉMARRAGE PIPELINE AUTOMATISÉ
2025-12-30 21:32:29,476 | INFO | ======================================
2025-12-30 21:32:29,478 | INFO | ✅ CSV d'entrée trouvé : wazuh_logs.csv
2025-12-30 21:32:29,479 | INFO | 📌 Étape 1/3 : Ingestion CSV + export dataset...
2025-12-30 21:32:45,834 | INFO | ✅ Dataset exporté trouvé : exports/index_dump_auto.csv
2025-12-30 21:32:45,836 | INFO | 📌 Étape 2/3 : Entraînement ML...
2025-12-30 21:32:58,809 | INFO | ✅ Modèle ML sauvegardé trouvé : models\best_severity_model.joblib
2025-12-30 21:32:58,810 | INFO | ✅ Métriques sauvegardées trouvé : models/severity_metrics.json
2025-12-30 21:32:58,810 | INFO | ✅ Modèle entraîné et sauvegardé : models\best_severity_model.joblib
2025-12-30 21:32:58,810 | INFO | 📊 Métriques : {
  "f1_macro": 0.9614289401875326,
  "class_labels": [
    "critical",
    "high",
    "low",
    "medium"
  ]
}
2025-12-30 21:32:58,811 | INFO | 📌 Étape 3/3 : Prédiction sur Wazuh Indexer...
2025-12-30 21:33:13,191 | INFO | ✅ Nombre de prédictions réalisées : 2
2025-12-30 21:33:13,192 | INFO | ======================================
2025-12-30 21:33:13,192 | INFO | ✅ PIPELINE TERMINÉ AVEC SUCCÈS
2025-12-30 21:33:13,193 | INFO | ======================================
2025-12-30 21:46:42,358 | INFO | ======================================
2025-12-30 21:46:42,359 | INFO | 🚀 DÉMARRAGE PIPELINE AUTOMATISÉ
2025-12-30 21:46:42,359 | INFO | ======================================
2025-12-30 21:46:42,361 | INFO | ✅ CSV d'entrée trouvé : wazuh_logs.csv
2025-12-30 21:46:42,362 | INFO | 📌 Étape 1/3 : Ingestion CSV + export dataset...
2025-12-30 21:46:56,490 | INFO | ✅ Dataset exporté trouvé : exports/index_dump_auto.csv
2025-12-30 21:46:56,490 | INFO | 📌 Étape 2/3 : Entraînement ML...
2025-12-30 21:47:09,241 | INFO | ✅ Modèle ML sauvegardé trouvé : models\best_severity_model.joblib
2025-12-30 21:47:09,241 | INFO | ✅ Métriques sauvegardées trouvé : models/severity_metrics.json
2025-12-30 21:47:09,242 | INFO | ✅ Modèle entraîné et sauvegardé : models\best_severity_model.joblib
2025-12-30 21:47:09,242 | INFO | 📊 Métriques : {
  "f1_macro": 0.9655322762646065,
  "class_labels": [
    "critical",
    "high",
    "low",
    "medium"
  ]
}
2025-12-30 21:47:09,243 | INFO | 📌 Étape 3/3 : Prédiction sur Wazuh Indexer...
2025-12-30 21:48:57,983 | INFO | ======================================
2025-12-30 21:48:57,983 | INFO | 🚀 DÉMARRAGE PIPELINE AUTOMATISÉ
2025-12-30 21:48:57,983 | INFO | ======================================
2025-12-30 21:48:57,984 | INFO | ✅ CSV d'entrée trouvé : wazuh_logs.csv
2025-12-30 21:48:57,984 | INFO | 📌 Étape 1/3 : Ingestion CSV + export dataset...
2025-12-30 21:49:11,292 | INFO | ✅ Dataset exporté trouvé : exports/index_dump_auto.csv
2025-12-30 21:49:11,292 | INFO | 📌 Étape 2/3 : Entraînement ML...
2025-12-30 21:49:22,191 | INFO | ✅ Modèle ML sauvegardé trouvé : models\best_severity_model.joblib
2025-12-30 21:49:22,192 | INFO | ✅ Métriques sauvegardées trouvé : models/severity_metrics.json
2025-12-30 21:49:22,193 | INFO | ✅ Modèle entraîné et sauvegardé : models\best_severity_model.joblib
2025-12-30 21:49:22,193 | INFO | 📊 Métriques : {
  "f1_macro": 0.9663762881760428,
  "class_labels": [
    "critical",
    "high",
    "low",
    "medium"
  ]
}
2025-12-30 21:49:22,194 | INFO | 📌 Étape 3/3 : Prédiction sur Wazuh Indexer...
2025-12-30 21:50:30,561 | INFO | ======================================
2025-12-30 21:50:30,561 | INFO | 🚀 DÉMARRAGE PIPELINE AUTOMATISÉ
2025-12-30 21:50:30,561 | INFO | ======================================
2025-12-30 21:50:30,562 | INFO | ✅ CSV d'entrée trouvé : wazuh_logs.csv
2025-12-30 21:50:30,562 | INFO | 📌 Étape 1/3 : Ingestion CSV + export dataset...
2025-12-30 21:50:42,603 | INFO | ✅ Dataset exporté trouvé : exports/index_dump_auto.csv
2025-12-30 21:50:42,603 | INFO | 📌 Étape 2/3 : Entraînement ML...
2025-12-30 21:50:54,245 | INFO | ✅ Modèle ML sauvegardé trouvé : models\best_severity_model.joblib
2025-12-30 21:50:54,246 | INFO | ✅ Métriques sauvegardées trouvé : models/severity_metrics.json
2025-12-30 21:50:54,246 | INFO | ✅ Modèle entraîné et sauvegardé : models\best_severity_model.joblib
2025-12-30 21:50:54,247 | INFO | 📊 Métriques : {
  "f1_macro": 0.9741294304289236,
  "class_labels": [
    "critical",
    "high",
    "low",
    "medium"
  ]
}
2025-12-30 21:50:54,247 | INFO | 📌 Étape 3/3 : Prédiction sur Wazuh Indexer...
2025-12-30 22:53:05,302 | INFO | ======================================
2025-12-30 22:53:05,303 | INFO | 🚀 DÉMARRAGE PIPELINE AUTOMATISÉ
2025-12-30 22:53:05,304 | INFO | ======================================
2025-12-30 22:53:05,304 | INFO | ✅ CSV d'entrée trouvé : wazuh_logs.csv
2025-12-30 22:53:05,304 | INFO | 📌 Étape 1/3 : Ingestion CSV + export dataset...
2025-12-30 22:53:24,340 | INFO | ✅ Dataset exporté trouvé : exports/index_dump_auto.csv
2025-12-30 22:53:24,342 | INFO | 📌 Étape 2/3 : Entraînement ML...
2025-12-30 22:53:42,121 | INFO | ✅ Modèle ML sauvegardé trouvé : models\best_severity_model.joblib
2025-12-30 22:53:42,122 | INFO | ✅ Métriques sauvegardées trouvé : models/severity_metrics.json
2025-12-30 22:53:42,122 | INFO | ✅ Modèle entraîné et sauvegardé : models\best_severity_model.joblib
2025-12-30 22:53:42,123 | INFO | 📊 Métriques : {
  "f1_macro": 0.9684457365207475,
  "class_labels": [
    "critical",
    "high",
    "low",
    "medium"
  ]
}
2025-12-30 22:53:42,123 | INFO | 📌 Étape 3/3 : Prédiction sur Wazuh Indexer...
2025-12-30 22:54:14,059 | INFO | ======================================
2025-12-30 22:54:14,060 | INFO | 🚀 DÉMARRAGE PIPELINE AUTOMATISÉ
2025-12-30 22:54:14,060 | INFO | ======================================
2025-12-30 22:54:14,061 | INFO | ✅ CSV d'entrée trouvé : wazuh_logs.csv
2025-12-30 22:54:14,061 | INFO | 📌 Étape 1/3 : Ingestion CSV + export dataset...
2025-12-30 22:54:30,303 | INFO | ✅ Dataset exporté trouvé : exports/index_dump_auto.csv
2025-12-30 22:54:30,304 | INFO | 📌 Étape 2/3 : Entraînement ML...
2025-12-30 22:54:44,394 | INFO | ✅ Modèle ML sauvegardé trouvé : models\best_severity_model.joblib
2025-12-30 22:54:44,395 | INFO | ✅ Métriques sauvegardées trouvé : models/severity_metrics.json
2025-12-30 22:54:44,396 | INFO | ✅ Modèle entraîné et sauvegardé : models\best_severity_model.joblib
2025-12-30 22:54:44,397 | INFO | 📊 Métriques : {
  "f1_macro": 0.9641241234626389,
  "class_labels": [
    "critical",
    "high",
    "low",
    "medium"
  ]
}
2025-12-30 22:54:44,397 | INFO | 📌 Étape 3/3 : Prédiction sur Wazuh Indexer...
2025-12-30 23:04:38,388 | INFO | ======================================
2025-12-30 23:04:38,388 | INFO | 🚀 DÉMARRAGE PIPELINE AUTOMATISÉ
2025-12-30 23:04:38,389 | INFO | ======================================
2025-12-30 23:04:38,389 | INFO | ✅ CSV d'entrée trouvé : wazuh_logs.csv
2025-12-30 23:04:38,390 | INFO | 📌 Étape 1/3 : Ingestion CSV + export dataset...
2025-12-30 23:04:57,431 | INFO | ✅ Dataset exporté trouvé : exports/index_dump_auto.csv
2025-12-30 23:04:57,431 | INFO | 📌 Étape 2/3 : Entraînement ML...
2025-12-30 23:05:12,486 | INFO | ✅ Modèle ML sauvegardé trouvé : models\best_severity_model.joblib
2025-12-30 23:05:12,487 | INFO | ✅ Métriques sauvegardées trouvé : models/severity_metrics.json
2025-12-30 23:05:12,487 | INFO | ✅ Modèle entraîné et sauvegardé : models\best_severity_model.joblib
2025-12-30 23:05:12,488 | INFO | 📊 Métriques : {
  "f1_macro": 0.9628340183545423,
  "class_labels": [
    "critical",
    "high",
    "low",
    "medium"
  ]
}
2025-12-30 23:05:12,489 | INFO | 📌 Étape 3/3 : Prédiction sur Wazuh Indexer...
2025-12-30 23:09:22,006 | INFO | ======================================
2025-12-30 23:09:22,008 | INFO | 🚀 DÉMARRAGE PIPELINE AUTOMATISÉ
2025-12-30 23:09:22,009 | INFO | ======================================
2025-12-30 23:09:22,010 | INFO | ✅ CSV d'entrée trouvé : wazuh_logs.csv
2025-12-30 23:09:22,010 | INFO | 📌 Étape 1/3 : Ingestion CSV + export dataset...
2025-12-30 23:09:45,486 | INFO | ✅ Dataset exporté trouvé : exports/index_dump_auto.csv
2025-12-30 23:09:45,487 | INFO | 📌 Étape 2/3 : Entraînement ML...
2025-12-30 23:10:06,582 | INFO | ✅ Modèle ML sauvegardé trouvé : models\best_severity_model.joblib
2025-12-30 23:10:06,583 | INFO | ✅ Métriques sauvegardées trouvé : models/severity_metrics.json
2025-12-30 23:10:06,583 | INFO | ✅ Modèle entraîné et sauvegardé : models\best_severity_model.joblib
2025-12-30 23:10:06,584 | INFO | 📊 Métriques : {
  "f1_macro": 0.951684980975733,
  "class_labels": [
    "critical",
    "high",
    "low",
    "medium"
  ]
}
2025-12-30 23:10:06,585 | INFO | 📌 Étape 3/3 : Prédiction sur Wazuh Indexer...
2025-12-30 23:17:13,470 | INFO | ======================================
2025-12-30 23:17:13,471 | INFO | 🚀 DÉMARRAGE PIPELINE AUTOMATISÉ
2025-12-30 23:17:13,471 | INFO | ======================================
2025-12-30 23:17:13,472 | INFO | ✅ CSV d'entrée trouvé : wazuh_logs.csv
2025-12-30 23:17:13,473 | INFO | 📌 Étape 1/3 : Ingestion CSV + export dataset...
2025-12-30 23:17:31,791 | INFO | ✅ Dataset exporté trouvé : exports/index_dump_auto.csv
2025-12-30 23:17:31,792 | INFO | 📌 Étape 2/3 : Entraînement ML...
2025-12-30 23:17:52,587 | INFO | ✅ Modèle ML sauvegardé trouvé : models\best_severity_model.joblib
2025-12-30 23:17:52,587 | INFO | ✅ Métriques sauvegardées trouvé : models/severity_metrics.json
2025-12-30 23:17:52,588 | INFO | ✅ Modèle entraîné et sauvegardé : models\best_severity_model.joblib
2025-12-30 23:17:52,589 | INFO | 📊 Métriques : {
  "f1_macro": 0.9683554775397102,
  "class_labels": [
    "critical",
    "high",
    "low",
    "medium"
  ]
}
2025-12-30 23:17:52,589 | INFO | 📌 Étape 3/3 : Prédiction sur Wazuh Indexer...
2025-12-30 23:18:37,439 | INFO | ======================================
2025-12-30 23:18:37,440 | INFO | 🚀 DÉMARRAGE PIPELINE AUTOMATISÉ
2025-12-30 23:18:37,440 | INFO | ======================================
2025-12-30 23:18:37,441 | INFO | ✅ CSV d'entrée trouvé : wazuh_logs.csv
2025-12-30 23:18:37,441 | INFO | 📌 Étape 1/3 : Ingestion CSV + export dataset...
2025-12-30 23:18:52,676 | INFO | ✅ Dataset exporté trouvé : exports/index_dump_auto.csv
2025-12-30 23:18:52,676 | INFO | 📌 Étape 2/3 : Entraînement ML...
2025-12-30 23:19:06,955 | INFO | ✅ Modèle ML sauvegardé trouvé : models\best_severity_model.joblib
2025-12-30 23:19:06,956 | INFO | ✅ Métriques sauvegardées trouvé : models/severity_metrics.json
2025-12-30 23:19:06,957 | INFO | ✅ Modèle entraîné et sauvegardé : models\best_severity_model.joblib
2025-12-30 23:19:06,958 | INFO | 📊 Métriques : {
  "f1_macro": 0.9641241234626389,
  "class_labels": [
    "critical",
    "high",
    "low",
    "medium"
  ]
}
2025-12-30 23:19:06,958 | INFO | 📌 Étape 3/3 : Prédiction sur Wazuh Indexer...
2025-12-30 23:19:42,128 | INFO | ✅ Nombre de prédictions réalisées : 2
2025-12-30 23:19:42,128 | INFO | ======================================
2025-12-30 23:19:42,128 | INFO | ✅ PIPELINE TERMINÉ AVEC SUCCÈS
2025-12-30 23:19:42,128 | INFO | ======================================
2025-12-30 23:25:37,238 | INFO | ======================================
2025-12-30 23:25:37,239 | INFO | 🚀 DÉMARRAGE PIPELINE AUTOMATISÉ
2025-12-30 23:25:37,240 | INFO | ======================================
2025-12-30 23:25:37,242 | INFO | ✅ CSV d'entrée trouvé : wazuh_logs.csv
2025-12-30 23:25:37,243 | INFO | 📌 Étape 1/3 : Ingestion CSV + export dataset...
2025-12-30 23:25:58,205 | INFO | ✅ Dataset exporté trouvé : exports/index_dump_auto.csv
2025-12-30 23:25:58,205 | INFO | 📌 Étape 2/3 : Entraînement ML...
2025-12-30 23:26:16,139 | INFO | ✅ Modèle ML sauvegardé trouvé : models\best_severity_model.joblib
2025-12-30 23:26:16,140 | INFO | ✅ Métriques sauvegardées trouvé : models/severity_metrics.json
2025-12-30 23:26:16,140 | INFO | ✅ Modèle entraîné et sauvegardé : models\best_severity_model.joblib
2025-12-30 23:26:16,140 | INFO | 📊 Métriques : {
  "f1_macro": 0.9622240610371698,
  "class_labels": [
    "critical",
    "high",
    "low",
    "medium"
  ]
}
2025-12-30 23:26:16,140 | INFO | 📌 Étape 3/3 : Prédiction sur Wazuh Indexer...
2025-12-30 23:26:34,799 | INFO | ✅ Nombre de prédictions réalisées : 2
2025-12-30 23:26:34,799 | INFO | ======================================
2025-12-30 23:26:34,799 | INFO | ✅ PIPELINE TERMINÉ AVEC SUCCÈS
2025-12-30 23:26:34,800 | INFO | ======================================
2025-12-30 23:33:32,475 | INFO | ======================================
2025-12-30 23:33:32,477 | INFO | 🚀 DÉMARRAGE PIPELINE AUTOMATISÉ
2025-12-30 23:33:32,479 | INFO | ======================================
2025-12-30 23:33:32,485 | INFO | ✅ CSV d'entrée trouvé : wazuh_logs.csv
2025-12-30 23:33:32,485 | INFO | 📌 Étape 1/3 : Ingestion CSV + export dataset...
2025-12-30 23:34:04,434 | INFO | ✅ Dataset exporté trouvé : exports/index_dump_auto.csv
2025-12-30 23:34:04,435 | INFO | 📌 Étape 2/3 : Entraînement ML...
2025-12-30 23:34:37,977 | INFO | ✅ Modèle ML sauvegardé trouvé : models\best_severity_model.joblib
2025-12-30 23:34:37,978 | INFO | ✅ Métriques sauvegardées trouvé : models/severity_metrics.json
2025-12-30 23:34:37,979 | INFO | ✅ Modèle entraîné et sauvegardé : models\best_severity_model.joblib
2025-12-30 23:34:37,979 | INFO | 📊 Métriques : {
  "f1_macro": 0.9654676920031195,
  "class_labels": [
    "critical",
    "high",
    "low",
    "medium"
  ]
}
2025-12-30 23:34:37,980 | INFO | 📌 Étape 3/3 : Prédiction sur Wazuh Indexer...
2025-12-30 23:35:17,010 | INFO | ✅ Nombre de prédictions réalisées : 2
2025-12-30 23:35:17,010 | INFO | ======================================
2025-12-30 23:35:17,011 | INFO | ✅ PIPELINE TERMINÉ AVEC SUCCÈS
2025-12-30 23:35:17,012 | INFO | ======================================
2025-12-30 23:54:40,309 | INFO | ======================================
2025-12-30 23:54:40,310 | INFO | 🚀 DÉMARRAGE PIPELINE AUTOMATISÉ
2025-12-30 23:54:40,311 | INFO | ======================================
2025-12-30 23:54:40,312 | INFO | ✅ CSV d'entrée trouvé : wazuh_logs.csv
2025-12-30 23:54:40,313 | INFO | 📌 Étape 1/3 : Ingestion CSV + export dataset...
2025-12-30 23:55:03,804 | INFO | ✅ Dataset exporté trouvé : exports/index_dump_auto.csv
2025-12-30 23:55:03,804 | INFO | 📌 Étape 2/3 : Entraînement ML...
2025-12-30 23:55:25,048 | INFO | ✅ Modèle ML sauvegardé trouvé : models\best_severity_model.joblib
2025-12-30 23:55:25,049 | INFO | ✅ Métriques sauvegardées trouvé : models/severity_metrics.json
2025-12-30 23:55:25,050 | INFO | ✅ Modèle entraîné et sauvegardé : models\best_severity_model.joblib
2025-12-30 23:55:25,052 | INFO | 📊 Métriques : {
  "f1_macro": 0.9649993387430779,
  "class_labels": [
    "critical",
    "high",
    "low",
    "medium"
  ]
}
2025-12-30 23:55:25,053 | INFO | 📌 Étape 3/3 : Prédiction sur Wazuh Indexer...
2025-12-30 23:55:45,410 | INFO | ✅ Nombre de prédictions réalisées : 2
2025-12-30 23:55:45,410 | INFO | ======================================
2025-12-30 23:55:45,411 | INFO | ✅ PIPELINE TERMINÉ AVEC SUCCÈS
2025-12-30 23:55:45,411 | INFO | ======================================
2025-12-31 00:12:22,884 | INFO | ======================================
2025-12-31 00:12:22,885 | INFO | 🚀 DÉMARRAGE PIPELINE AUTOMATISÉ
2025-12-31 00:12:22,885 | INFO | ======================================
2025-12-31 00:12:22,887 | INFO | ✅ CSV d'entrée trouvé : wazuh_logs.csv
2025-12-31 00:12:22,887 | INFO | 📌 Étape 1/3 : Ingestion CSV + export dataset...
2025-12-31 00:12:39,556 | INFO | ✅ Dataset exporté trouvé : exports/index_dump_auto.csv
2025-12-31 00:12:39,557 | INFO | 📌 Étape 2/3 : Entraînement ML...
2025-12-31 00:12:54,467 | INFO | ✅ Modèle ML sauvegardé trouvé : models\best_severity_model.joblib
2025-12-31 00:12:54,468 | INFO | ✅ Métriques sauvegardées trouvé : models/severity_metrics.json
2025-12-31 00:12:54,469 | INFO | ✅ Modèle entraîné et sauvegardé : models\best_severity_model.joblib
2025-12-31 00:12:54,469 | INFO | 📊 Métriques : {
  "f1_macro": 0.9546779895852867,
  "class_labels": [
    "critical",
    "high",
    "low",
    "medium"
  ]
}
2025-12-31 00:12:54,470 | INFO | 📌 Étape 3/3 : Prédiction sur Wazuh Indexer...
2025-12-31 00:13:07,658 | INFO | ✅ Nombre de prédictions réalisées : 2
2025-12-31 00:13:07,658 | INFO | ======================================
2025-12-31 00:13:07,658 | INFO | ✅ PIPELINE TERMINÉ AVEC SUCCÈS
2025-12-31 00:13:07,658 | INFO | ======================================
2025-12-31 00:16:31,092 | INFO | ======================================
2025-12-31 00:16:31,092 | INFO |  DÉMARRAGE PIPELINE AUTOMATISÉ
2025-12-31 00:16:31,093 | INFO | ======================================
2025-12-31 00:16:31,094 | INFO |  - CSV d'entrée trouvé : wazuh_logs.csv
2025-12-31 00:16:31,094 | INFO | -  Étape 1/3 : Ingestion CSV + export dataset...
2025-12-31 00:16:51,963 | INFO |  - Dataset exporté trouvé : exports/index_dump_auto.csv
2025-12-31 00:16:51,964 | INFO | -  Étape 2/3 : Entraînement ML...
2025-12-31 00:17:12,865 | INFO |  - Modèle ML sauvegardé trouvé : models\best_severity_model.joblib
2025-12-31 00:17:12,866 | INFO |  - Métriques sauvegardées trouvé : models/severity_metrics.json
2025-12-31 00:17:12,867 | INFO |  - Modèle entraîné et sauvegardé : models\best_severity_model.joblib
2025-12-31 00:17:12,867 | INFO |  - Métriques : {
  "f1_macro": 0.9676135477979009,
  "class_labels": [
    "critical",
    "high",
    "low",
    "medium"
  ]
}
2025-12-31 00:17:12,868 | INFO | -  Étape 3/3 : Prédiction sur Wazuh Indexer...
2025-12-31 00:17:31,910 | INFO |  - Nombre de prédictions réalisées : 2
2025-12-31 00:17:31,911 | INFO | ======================================
2025-12-31 00:17:31,911 | INFO | -  PIPELINE TERMINÉ AVEC SUCCÈS
2025-12-31 00:17:31,911 | INFO | ======================================
2025-12-31 00:18:15,743 | INFO | ======================================
2025-12-31 00:18:15,744 | INFO |  DÉMARRAGE PIPELINE AUTOMATISÉ
2025-12-31 00:18:15,745 | INFO | ======================================
2025-12-31 00:18:15,745 | INFO |  - CSV d'entrée trouvé : wazuh_logs.csv
2025-12-31 00:18:15,746 | INFO | -  Étape 1/3 : Ingestion CSV + export dataset...
2025-12-31 00:19:23,795 | INFO | ======================================
2025-12-31 00:19:23,795 | INFO |  DÉMARRAGE PIPELINE AUTOMATISÉ
2025-12-31 00:19:23,795 | INFO | ======================================
2025-12-31 00:19:23,796 | INFO |  - CSV d'entrée trouvé : wazuh_logs.csv
2025-12-31 00:19:23,796 | INFO | -  Étape 1/3 : Ingestion CSV + export dataset...
2025-12-31 00:20:28,918 | INFO | ======================================
2025-12-31 00:20:28,918 | INFO |  DÉMARRAGE PIPELINE AUTOMATISÉ
2025-12-31 00:20:28,918 | INFO | ======================================
2025-12-31 00:20:28,919 | INFO |  - CSV d'entrée trouvé : wazuh_logs.csv
2025-12-31 00:20:28,919 | INFO | -  Étape 1/3 : Ingestion CSV + export dataset...
2025-12-31 00:22:44,305 | INFO | ======================================
2025-12-31 00:22:44,306 | INFO |  DÉMARRAGE PIPELINE AUTOMATISÉ
2025-12-31 00:22:44,306 | INFO | ======================================
2025-12-31 00:22:44,307 | INFO |  - CSV d'entrée trouvé : wazuh_logs.csv
2025-12-31 00:22:44,309 | INFO | -  Étape 1/3 : Ingestion CSV + export dataset...
2025-12-31 00:23:06,028 | INFO |  - Dataset exporté trouvé : exports/index_dump_auto.csv
2025-12-31 00:23:06,029 | INFO | -  Étape 2/3 : Entraînement ML...
2025-12-31 00:23:22,689 | INFO |  - Modèle ML sauvegardé trouvé : models\best_severity_model.joblib
2025-12-31 00:23:22,689 | INFO |  - Métriques sauvegardées trouvé : models/severity_metrics.json
2025-12-31 00:23:22,690 | INFO |  - Modèle entraîné et sauvegardé : models\best_severity_model.joblib
2025-12-31 00:23:22,690 | INFO |  - Métriques : {
  "f1_macro": 0.9633008554535993,
  "class_labels": [
    "critical",
    "high",
    "low",
    "medium"
  ]
}
2025-12-31 00:23:22,690 | INFO | -  Étape 3/3 : Prédiction sur Wazuh Indexer...
2025-12-31 00:23:38,896 | INFO |  - Nombre de prédictions réalisées : 2
2025-12-31 00:23:38,896 | INFO | ======================================
2025-12-31 00:23:38,896 | INFO | -  PIPELINE TERMINÉ AVEC SUCCÈS
2025-12-31 00:23:38,897 | INFO | ======================================
2025-12-31 00:24:25,553 | INFO | ======================================
2025-12-31 00:24:25,553 | INFO |  DÉMARRAGE PIPELINE AUTOMATISÉ
2025-12-31 00:24:25,553 | INFO | ======================================
2025-12-31 00:24:25,554 | INFO |  - CSV d'entrée trouvé : wazuh_logs.csv
2025-12-31 00:24:25,555 | INFO | -  Étape 1/3 : Ingestion CSV + export dataset...
2025-12-31 00:24:41,187 | INFO |  - Dataset exporté trouvé : exports/index_dump_auto.csv
2025-12-31 00:24:41,187 | INFO | -  Étape 2/3 : Entraînement ML...
2025-12-31 00:25:00,276 | INFO |  - Modèle ML sauvegardé trouvé : models\best_severity_model.joblib
2025-12-31 00:25:00,277 | INFO |  - Métriques sauvegardées trouvé : models/severity_metrics.json
2025-12-31 00:25:00,278 | INFO |  - Modèle entraîné et sauvegardé : models\best_severity_model.joblib
2025-12-31 00:25:00,278 | INFO |  - Métriques : {
  "f1_macro": 0.9682411714362879,
  "class_labels": [
    "critical",
    "high",
    "low",
    "medium"
  ]
}
2025-12-31 00:25:00,279 | INFO | -  Étape 3/3 : Prédiction sur Wazuh Indexer...
2025-12-31 00:25:13,674 | INFO |  - Nombre de prédictions réalisées : 2
2025-12-31 00:25:13,675 | INFO | ======================================
2025-12-31 00:25:13,676 | INFO | -  PIPELINE TERMINÉ AVEC SUCCÈS
2025-12-31 00:25:13,677 | INFO | ======================================
2025-12-31 00:25:59,960 | INFO | ======================================
2025-12-31 00:25:59,960 | INFO |  DÉMARRAGE PIPELINE AUTOMATISÉ
2025-12-31 00:25:59,962 | INFO | ======================================
2025-12-31 00:25:59,963 | INFO |  - CSV d'entrée trouvé : wazuh_logs.csv
2025-12-31 00:25:59,964 | INFO | -  Étape 1/3 : Ingestion CSV + export dataset...
2025-12-31 00:26:23,019 | INFO |  - Dataset exporté trouvé : exports/index_dump_auto.csv
2025-12-31 00:26:23,020 | INFO | -  Étape 2/3 : Entraînement ML...
2025-12-31 00:26:46,046 | INFO |  - Modèle ML sauvegardé trouvé : models\best_severity_model.joblib
2025-12-31 00:26:46,048 | INFO |  - Métriques sauvegardées trouvé : models/severity_metrics.json
2025-12-31 00:26:46,048 | INFO |  - Modèle entraîné et sauvegardé : models\best_severity_model.joblib
2025-12-31 00:26:46,048 | INFO |  - Métriques : {
  "f1_macro": 0.9624579385330151,
  "class_labels": [
    "critical",
    "high",
    "low",
    "medium"
  ]
}
2025-12-31 00:26:46,050 | INFO | -  Étape 3/3 : Prédiction sur Wazuh Indexer...
2025-12-31 00:27:05,075 | INFO |  - Nombre de prédictions réalisées : 2
2025-12-31 00:27:05,076 | INFO | ======================================
2025-12-31 00:27:05,079 | INFO | -  PIPELINE TERMINÉ AVEC SUCCÈS
2025-12-31 00:27:05,093 | INFO | ======================================
2025-12-31 00:28:42,898 | INFO | ======================================
2025-12-31 00:28:42,899 | INFO |  DÉMARRAGE PIPELINE AUTOMATISÉ
2025-12-31 00:28:42,899 | INFO | ======================================
2025-12-31 00:28:42,899 | INFO |  - CSV d'entrée trouvé : wazuh_logs.csv
2025-12-31 00:28:42,899 | INFO | -  Étape 1/3 : Ingestion CSV + export dataset...
2025-12-31 00:29:00,608 | INFO |  - Dataset exporté trouvé : exports/index_dump_auto.csv
2025-12-31 00:29:00,608 | INFO | -  Étape 2/3 : Entraînement ML...
2025-12-31 00:29:16,802 | INFO |  - Modèle ML sauvegardé trouvé : models\best_severity_model.joblib
2025-12-31 00:29:16,803 | INFO |  - Métriques sauvegardées trouvé : models/severity_metrics.json
2025-12-31 00:29:16,804 | INFO |  - Modèle entraîné et sauvegardé : models\best_severity_model.joblib
2025-12-31 00:29:16,804 | INFO |  - Métriques : {
  "f1_macro": 0.9625306806804713,
  "class_labels": [
    "critical",
    "high",
    "low",
    "medium"
  ]
}
2025-12-31 00:29:16,805 | INFO | -  Étape 3/3 : Prédiction sur Wazuh Indexer...
2025-12-31 00:29:31,807 | INFO |  - Nombre de prédictions réalisées : 2
2025-12-31 00:29:31,808 | INFO | ======================================
2025-12-31 00:29:31,808 | INFO | -  PIPELINE TERMINÉ AVEC SUCCÈS
2025-12-31 00:29:31,808 | INFO | ======================================
2025-12-31 00:36:57,653 | INFO | ======================================
2025-12-31 00:36:57,654 | INFO |  DÉMARRAGE PIPELINE AUTOMATISÉ
2025-12-31 00:36:57,655 | INFO | ======================================
2025-12-31 00:36:57,657 | INFO |  - CSV d'entrée trouvé : wazuh_logs.csv
2025-12-31 00:36:57,658 | INFO | -  Étape 1/3 : Ingestion CSV + export dataset...
2025-12-31 00:37:35,733 | INFO |  - Dataset exporté trouvé : exports/index_dump_auto.csv
2025-12-31 00:37:35,733 | INFO | -  Étape 2/3 : Entraînement ML...
2025-12-31 00:40:17,594 | INFO | ======================================
2025-12-31 00:40:17,595 | INFO |  DÉMARRAGE PIPELINE AUTOMATISÉ
2025-12-31 00:40:17,595 | INFO | ======================================
2025-12-31 00:40:17,595 | INFO |  - CSV d'entrée trouvé : wazuh_logs.csv
2025-12-31 00:40:17,597 | INFO | -  Étape 1/3 : Ingestion CSV + export dataset...
2025-12-31 00:41:38,335 | INFO | ======================================
2025-12-31 00:41:38,337 | INFO |  DÉMARRAGE PIPELINE AUTOMATISÉ
2025-12-31 00:41:38,338 | INFO | ======================================
2025-12-31 00:41:38,339 | INFO |  - CSV d'entrée trouvé : wazuh_logs.csv
2025-12-31 00:41:38,340 | INFO | -  Étape 1/3 : Ingestion CSV + export dataset...
2025-12-31 00:42:06,457 | INFO |  - Dataset exporté trouvé : exports/index_dump_auto.csv
2025-12-31 00:42:06,458 | INFO | -  Étape 2/3 : Entraînement ML...
2025-12-31 00:42:34,050 | INFO |  - Modèle ML sauvegardé trouvé : models\best_severity_model.joblib
2025-12-31 00:42:34,055 | INFO |  - Métriques sauvegardées trouvé : models/severity_metrics.json
2025-12-31 00:42:34,056 | INFO |  - Modèle entraîné et sauvegardé : models\best_severity_model.joblib
2025-12-31 00:42:34,059 | INFO |  - Métriques : {
  "f1_macro": 0.967709995445287,
  "class_labels": [
    "critical",
    "high",
    "low",
    "medium"
  ]
}
2025-12-31 00:42:34,061 | INFO | -  Étape 3/3 : Prédiction sur Wazuh Indexer...
2025-12-31 00:43:01,924 | INFO |  - Nombre de prédictions réalisées : 2
2025-12-31 00:43:01,926 | INFO | ======================================
2025-12-31 00:43:01,926 | INFO | -  PIPELINE TERMINÉ AVEC SUCCÈS
2025-12-31 00:43:01,928 | INFO | ======================================
2026-01-20 23:55:15,111 | INFO | ======================================
2026-01-20 23:55:15,111 | INFO |  DÉMARRAGE PIPELINE AUTOMATISÉ
2026-01-20 23:55:15,111 | INFO | ======================================
2026-01-20 23:55:15,112 | INFO |  - CSV d'entrée trouvé : wazuh_logs.csv
2026-01-20 23:55:15,112 | INFO | -  Étape 1/3 : Ingestion CSV + export dataset...
2026-01-20 23:55:26,556 | INFO |  - Dataset exporté trouvé : exports/index_dump_auto.csv
2026-01-20 23:55:26,556 | INFO | -  Étape 2/3 : Entraînement ML...
2026-01-20 23:55:34,942 | INFO |  - Modèle ML sauvegardé trouvé : models\best_severity_model.joblib
2026-01-20 23:55:34,943 | INFO |  - Métriques sauvegardées trouvé : models/severity_metrics.json
2026-01-20 23:55:34,943 | INFO |  - Modèle entraîné et sauvegardé : models\best_severity_model.joblib
2026-01-20 23:55:34,943 | INFO |  - Métriques : {
  "f1_macro": 0.960782238843475,
  "class_labels": [
    "critical",
    "high",
    "low",
    "medium"
  ]
}
2026-01-20 23:55:34,944 | INFO | -  Étape 3/3 : Prédiction sur Wazuh Indexer...
2026-01-20 23:55:42,750 | INFO |  - Nombre de prédictions réalisées : 2
2026-01-20 23:55:42,750 | INFO | ======================================
2026-01-20 23:55:42,750 | INFO | -  PIPELINE TERMINÉ AVEC SUCCÈS
2026-01-20 23:55:42,751 | INFO | ======================================
2026-01-20 23:56:47,232 | INFO | ======================================
2026-01-20 23:56:47,232 | INFO |  DÉMARRAGE PIPELINE AUTOMATISÉ
2026-01-20 23:56:47,232 | INFO | ======================================
2026-01-20 23:56:47,233 | INFO |  - CSV d'entrée trouvé : wazuh_logs.csv
2026-01-20 23:56:47,233 | INFO | -  Étape 1/3 : Ingestion CSV + export dataset...
2026-01-20 23:57:02,805 | INFO |  - Dataset exporté trouvé : exports/index_dump_auto.csv
2026-01-20 23:57:02,805 | INFO | -  Étape 2/3 : Entraînement ML...
2026-01-20 23:57:17,018 | INFO |  - Modèle ML sauvegardé trouvé : models\best_severity_model.joblib
2026-01-20 23:57:17,019 | INFO |  - Métriques sauvegardées trouvé : models/severity_metrics.json
2026-01-20 23:57:17,020 | INFO |  - Modèle entraîné et sauvegardé : models\best_severity_model.joblib
2026-01-20 23:57:17,020 | INFO |  - Métriques : {
  "f1_macro": 0.9658966996060854,
  "class_labels": [
    "critical",
    "high",
    "low",
    "medium"
  ]
}
2026-01-20 23:57:17,020 | INFO | -  Étape 3/3 : Prédiction sur Wazuh Indexer...
2026-01-20 23:57:26,646 | INFO |  - Nombre de prédictions réalisées : 2
2026-01-20 23:57:26,647 | INFO | ======================================
2026-01-20 23:57:26,647 | INFO | -  PIPELINE TERMINÉ AVEC SUCCÈS
2026-01-20 23:57:26,648 | INFO | ======================================
2026-01-21 13:05:38,289 | INFO | ======================================
2026-01-21 13:05:38,290 | INFO |  DÉMARRAGE PIPELINE AUTOMATISÉ
2026-01-21 13:05:38,290 | INFO | ======================================
2026-01-21 13:05:38,291 | INFO |  - CSV d'entrée trouvé : wazuh_logs.csv
2026-01-21 13:05:38,292 | INFO | -  Étape 1/3 : Ingestion CSV + export dataset...
2026-01-21 13:07:03,292 | INFO |  - Dataset exporté trouvé : exports/index_dump_auto.csv
2026-01-21 13:07:03,292 | INFO | -  Étape 2/3 : Entraînement ML...
2026-01-21 13:07:15,315 | INFO |  - Modèle ML sauvegardé trouvé : models\best_severity_model.joblib
2026-01-21 13:07:15,315 | INFO |  - Métriques sauvegardées trouvé : models/severity_metrics.json
2026-01-21 13:07:15,316 | INFO |  - Modèle entraîné et sauvegardé : models\best_severity_model.joblib
2026-01-21 13:07:15,316 | INFO |  - Métriques : {
  "f1_macro": 0.9517616047842542,
  "class_labels": [
    "critical",
    "high",
    "low",
    "medium"
  ]
}
2026-01-21 13:07:15,316 | INFO | -  Étape 3/3 : Prédiction sur Wazuh Indexer...
2026-01-21 13:07:23,170 | INFO |  - Nombre de prédictions réalisées : 2
2026-01-21 13:07:23,170 | INFO | ======================================
2026-01-21 13:07:23,170 | INFO | -  PIPELINE TERMINÉ AVEC SUCCÈS
2026-01-21 13:07:23,171 | INFO | ======================================
2026-01-21 14:02:29,852 | INFO | ======================================
2026-01-21 14:02:29,853 | INFO |  DÉMARRAGE PIPELINE AUTOMATISÉ
2026-01-21 14:02:29,853 | INFO | ======================================
2026-01-21 14:02:29,854 | INFO |  - CSV d'entrée trouvé : wazuh_logs.csv
2026-01-21 14:02:29,854 | INFO | -  Étape 1/3 : Ingestion CSV + export dataset...
2026-01-21 14:03:12,322 | INFO | ======================================
2026-01-21 14:03:12,323 | INFO |  DÉMARRAGE PIPELINE AUTOMATISÉ
2026-01-21 14:03:12,324 | INFO | ======================================
2026-01-21 14:03:12,324 | INFO |  - CSV d'entrée trouvé : wazuh_logs.csv
2026-01-21 14:03:12,325 | INFO | -  Étape 1/3 : Ingestion CSV + export dataset...
2026-01-21 14:03:57,218 | INFO | ======================================
2026-01-21 14:03:57,218 | INFO |  DÉMARRAGE PIPELINE AUTOMATISÉ
2026-01-21 14:03:57,219 | INFO | ======================================
2026-01-21 14:03:57,219 | INFO |  - CSV d'entrée trouvé : wazuh_logs.csv
2026-01-21 14:03:57,219 | INFO | -  Étape 1/3 : Ingestion CSV + export dataset...
2026-01-21 14:05:02,878 | INFO | ======================================
2026-01-21 14:05:02,878 | INFO |  DÉMARRAGE PIPELINE AUTOMATISÉ
2026-01-21 14:05:02,879 | INFO | ======================================
2026-01-21 14:05:02,879 | INFO |  - CSV d'entrée trouvé : wazuh_logs.csv
2026-01-21 14:05:02,880 | INFO | -  Étape 1/3 : Ingestion CSV + export dataset...
2026-01-21 14:07:15,917 | INFO | ======================================
2026-01-21 14:07:15,917 | INFO |  DÉMARRAGE PIPELINE AUTOMATISÉ
2026-01-21 14:07:15,917 | INFO | ======================================
2026-01-21 14:07:15,918 | INFO |  - CSV d'entrée trouvé : wazuh_logs.csv
2026-01-21 14:07:15,918 | INFO | -  Étape 1/3 : Ingestion CSV + export dataset...
2026-01-21 14:10:28,445 | INFO | ======================================
2026-01-21 14:10:28,445 | INFO |  DÉMARRAGE PIPELINE AUTOMATISÉ
2026-01-21 14:10:28,446 | INFO | ======================================
2026-01-21 14:10:28,446 | INFO |  - CSV d'entrée trouvé : wazuh_logs.csv
2026-01-21 14:10:28,446 | INFO | -  Étape 1/3 : Ingestion CSV + export dataset...
2026-01-21 14:11:17,018 | INFO | ======================================
2026-01-21 14:11:17,019 | INFO |  DÉMARRAGE PIPELINE AUTOMATISÉ
2026-01-21 14:11:17,019 | INFO | ======================================
2026-01-21 14:11:17,019 | INFO |  - CSV d'entrée trouvé : wazuh_logs.csv
2026-01-21 14:11:17,019 | INFO | -  Étape 1/3 : Ingestion CSV + export dataset...
2026-01-21 14:12:11,984 | INFO | ======================================
2026-01-21 14:12:11,985 | INFO |  DÉMARRAGE PIPELINE AUTOMATISÉ
2026-01-21 14:12:11,985 | INFO | ======================================
2026-01-21 14:12:11,986 | INFO |  - CSV d'entrée trouvé : wazuh_logs.csv
2026-01-21 14:12:11,987 | INFO | -  Étape 1/3 : Ingestion CSV + export dataset...
2026-01-21 14:16:13,704 | INFO | ======================================
2026-01-21 14:16:13,704 | INFO |  DÉMARRAGE PIPELINE AUTOMATISÉ
2026-01-21 14:16:13,704 | INFO | ======================================
2026-01-21 14:16:13,704 | INFO |  - CSV d'entrée trouvé : wazuh_logs.csv
2026-01-21 14:16:13,705 | INFO | -  Étape 1/3 : Ingestion CSV + export dataset...
2026-01-21 14:18:43,035 | INFO | ======================================
2026-01-21 14:18:43,036 | INFO |  DÉMARRAGE PIPELINE AUTOMATISÉ
2026-01-21 14:18:43,036 | INFO | ======================================
2026-01-21 14:18:43,037 | INFO |  - CSV d'entrée trouvé : wazuh_logs.csv
2026-01-21 14:18:43,037 | INFO | -  Étape 1/3 : Ingestion CSV + export dataset...
2026-01-21 14:19:06,814 | INFO | ======================================
2026-01-21 14:19:06,814 | INFO |  DÉMARRAGE PIPELINE AUTOMATISÉ
2026-01-21 14:19:06,815 | INFO | ======================================
2026-01-21 14:19:06,816 | INFO |  - CSV d'entrée trouvé : wazuh_logs.csv
2026-01-21 14:19:06,816 | INFO | -  Étape 1/3 : Ingestion CSV + export dataset...
2026-01-21 14:33:26,575 | INFO | ======================================
2026-01-21 14:33:26,576 | INFO |  DÉMARRAGE PIPELINE AUTOMATISÉ
2026-01-21 14:33:26,576 | INFO | ======================================
2026-01-21 14:33:26,577 | INFO |  - CSV d'entrée trouvé : wazuh_logs.csv
2026-01-21 14:33:26,577 | INFO | -  Étape 1/3 : Ingestion CSV + export dataset...
2026-01-21 14:34:15,142 | INFO | ======================================
2026-01-21 14:34:15,143 | INFO |  DÉMARRAGE PIPELINE AUTOMATISÉ
2026-01-21 14:34:15,143 | INFO | ======================================
2026-01-21 14:34:15,144 | INFO |  - CSV d'entrée trouvé : wazuh_logs.csv
2026-01-21 14:34:15,144 | INFO | -  Étape 1/3 : Ingestion CSV + export dataset...
2026-01-21 14:35:26,214 | INFO | ======================================
2026-01-21 14:35:26,214 | INFO |  DÉMARRAGE PIPELINE AUTOMATISÉ
2026-01-21 14:35:26,215 | INFO | ======================================
2026-01-21 14:35:26,215 | INFO |  - CSV d'entrée trouvé : wazuh_logs.csv
2026-01-21 14:35:26,215 | INFO | -  Étape 1/3 : Ingestion CSV + export dataset...
2026-01-21 14:35:54,897 | INFO |  - Dataset exporté trouvé : exports/index_dump_auto.csv
2026-01-21 14:35:54,897 | INFO | -  Étape 2/3 : Entraînement ML...
2026-01-21 14:36:06,132 | INFO |  - Modèle ML sauvegardé trouvé : models\best_severity_model.joblib
2026-01-21 14:36:06,133 | INFO |  - Métriques sauvegardées trouvé : models/severity_metrics.json
2026-01-21 14:36:06,134 | INFO |  - Modèle entraîné et sauvegardé : models\best_severity_model.joblib
2026-01-21 14:36:06,134 | INFO |  - Métriques : {
  "f1_macro": 0.9582143055312617,
  "class_labels": [
    "critical",
    "high",
    "low",
    "medium"
  ]
}
2026-01-21 14:36:06,135 | INFO | -  Étape 3/3 : Prédiction sur Wazuh Indexer...
2026-01-21 14:36:13,565 | INFO |  - Nombre de prédictions réalisées : 2
2026-01-21 14:36:13,567 | INFO | ======================================
2026-01-21 14:36:13,567 | INFO | -  PIPELINE TERMINÉ AVEC SUCCÈS
2026-01-21 14:36:13,567 | INFO | ======================================
2026-01-21 14:37:18,093 | INFO | ======================================
2026-01-21 14:37:18,094 | INFO |  DÉMARRAGE PIPELINE AUTOMATISÉ
2026-01-21 14:37:18,094 | INFO | ======================================
2026-01-21 14:37:18,094 | INFO |  - CSV d'entrée trouvé : wazuh_logs.csv
2026-01-21 14:37:18,095 | INFO | -  Étape 1/3 : Ingestion CSV + export dataset...
2026-01-21 14:37:28,111 | INFO |  - Dataset exporté trouvé : exports/index_dump_auto.csv
2026-01-21 14:37:28,112 | INFO | -  Étape 2/3 : Entraînement ML...
2026-01-21 14:37:35,964 | INFO |  - Modèle ML sauvegardé trouvé : models\best_severity_model.joblib
2026-01-21 14:37:35,965 | INFO |  - Métriques sauvegardées trouvé : models/severity_metrics.json
2026-01-21 14:37:35,965 | INFO |  - Modèle entraîné et sauvegardé : models\best_severity_model.joblib
2026-01-21 14:37:35,965 | INFO |  - Métriques : {
  "f1_macro": 0.9611362440538372,
  "class_labels": [
    "critical",
    "high",
    "low",
    "medium"
  ]
}
2026-01-21 14:37:35,965 | INFO | -  Étape 3/3 : Prédiction sur Wazuh Indexer...
2026-01-21 14:37:42,134 | INFO |  - Nombre de prédictions réalisées : 2
2026-01-21 14:37:42,134 | INFO | ======================================
2026-01-21 14:37:42,135 | INFO | -  PIPELINE TERMINÉ AVEC SUCCÈS
2026-01-21 14:37:42,135 | INFO | ======================================
2026-01-21 14:42:43,117 | INFO | ======================================
2026-01-21 14:42:43,118 | INFO |  DÉMARRAGE PIPELINE AUTOMATISÉ
2026-01-21 14:42:43,118 | INFO | ======================================
2026-01-21 14:42:43,118 | INFO |  - CSV d'entrée trouvé : wazuh_logs.csv
2026-01-21 14:42:43,119 | INFO | -  Étape 1/3 : Ingestion CSV + export dataset...
2026-01-21 14:42:55,032 | INFO |  - Dataset exporté trouvé : exports/index_dump_auto.csv
2026-01-21 14:42:55,033 | INFO | -  Étape 2/3 : Entraînement ML...
2026-01-21 14:43:06,894 | INFO |  - Modèle ML sauvegardé trouvé : models\best_severity_model.joblib
2026-01-21 14:43:06,895 | INFO |  - Métriques sauvegardées trouvé : models/severity_metrics.json
2026-01-21 14:43:06,896 | INFO |  - Modèle entraîné et sauvegardé : models\best_severity_model.joblib
2026-01-21 14:43:06,896 | INFO |  - Métriques : {
  "f1_macro": 0.97549367921894,
  "class_labels": [
    "critical",
    "high",
    "low",
    "medium"
  ]
}
2026-01-21 14:43:06,897 | INFO | -  Étape 3/3 : Prédiction sur Wazuh Indexer...
2026-01-21 14:43:14,918 | INFO |  - Nombre de prédictions réalisées : 2
2026-01-21 14:43:14,919 | INFO | ======================================
2026-01-21 14:43:14,919 | INFO | -  PIPELINE TERMINÉ AVEC SUCCÈS
2026-01-21 14:43:14,919 | INFO | ======================================
2026-01-21 14:46:36,615 | INFO | ======================================
2026-01-21 14:46:36,615 | INFO |  DÉMARRAGE PIPELINE AUTOMATISÉ
2026-01-21 14:46:36,615 | INFO | ======================================
2026-01-21 14:46:36,615 | INFO |  - CSV d'entrée trouvé : wazuh_logs.csv
2026-01-21 14:46:36,616 | INFO | -  Étape 1/3 : Ingestion CSV + export dataset...
2026-01-21 14:46:50,371 | INFO |  - Dataset exporté trouvé : exports/index_dump_auto.csv
2026-01-21 14:46:50,371 | INFO | -  Étape 2/3 : Entraînement ML...
2026-01-21 14:47:03,918 | INFO |  - Modèle ML sauvegardé trouvé : models\best_severity_model.joblib
2026-01-21 14:47:03,920 | INFO |  - Métriques sauvegardées trouvé : models/severity_metrics.json
2026-01-21 14:47:03,921 | INFO |  - Modèle entraîné et sauvegardé : models\best_severity_model.joblib
2026-01-21 14:47:03,922 | INFO |  - Métriques : {
  "f1_macro": 0.9725415097983152,
  "class_labels": [
    "critical",
    "high",
    "low",
    "medium"
  ]
}
2026-01-21 14:47:03,924 | INFO | -  Étape 3/3 : Prédiction sur Wazuh Indexer...
2026-01-21 14:47:14,061 | INFO |  - Nombre de prédictions réalisées : 2
2026-01-21 14:47:14,062 | INFO | ======================================
2026-01-21 14:47:14,062 | INFO | -  PIPELINE TERMINÉ AVEC SUCCÈS
2026-01-21 14:47:14,063 | INFO | ======================================
2026-01-21 14:49:26,022 | INFO | ======================================
2026-01-21 14:49:26,023 | INFO |  DÉMARRAGE PIPELINE AUTOMATISÉ
2026-01-21 14:49:26,023 | INFO | ======================================
2026-01-21 14:49:26,024 | INFO |  - CSV d'entrée trouvé : wazuh_logs.csv
2026-01-21 14:49:26,024 | INFO | -  Étape 1/3 : Ingestion CSV + export dataset...
2026-01-21 14:49:38,418 | INFO |  - Dataset exporté trouvé : exports/index_dump_auto.csv
2026-01-21 14:49:38,419 | INFO | -  Étape 2/3 : Entraînement ML...
2026-01-21 14:49:49,236 | INFO |  - Modèle ML sauvegardé trouvé : models\best_severity_model.joblib
2026-01-21 14:49:49,236 | INFO |  - Métriques sauvegardées trouvé : models/severity_metrics.json
2026-01-21 14:49:49,237 | INFO |  - Modèle entraîné et sauvegardé : models\best_severity_model.joblib
2026-01-21 14:49:49,238 | INFO |  - Métriques : {
  "f1_macro": 0.9657480947527532,
  "class_labels": [
    "critical",
    "high",
    "low",
    "medium"
  ]
}
2026-01-21 14:49:49,240 | INFO | -  Étape 3/3 : Prédiction sur Wazuh Indexer...
2026-01-21 14:50:01,964 | INFO |  - Nombre de prédictions réalisées : 2
2026-01-21 14:50:01,964 | INFO | ======================================
2026-01-21 14:50:01,964 | INFO | -  PIPELINE TERMINÉ AVEC SUCCÈS
2026-01-21 14:50:01,964 | INFO | ======================================
2026-01-21 15:12:50,407 | INFO | ======================================
2026-01-21 15:12:50,407 | INFO |  DÉMARRAGE PIPELINE AUTOMATISÉ
2026-01-21 15:12:50,408 | INFO | ======================================
2026-01-21 15:12:50,408 | INFO |  - CSV d'entrée trouvé : wazuh_logs.csv
2026-01-21 15:12:50,408 | INFO | -  Étape 1/3 : Ingestion CSV + export dataset...
2026-01-21 15:12:59,899 | INFO |  - Dataset exporté trouvé : exports/index_dump_auto.csv
2026-01-21 15:12:59,900 | INFO | -  Étape 2/3 : Entraînement ML...
2026-01-21 15:13:07,339 | INFO |  - Modèle ML sauvegardé trouvé : models\best_severity_model.joblib
2026-01-21 15:13:07,339 | INFO |  - Métriques sauvegardées trouvé : models/severity_metrics.json
2026-01-21 15:13:07,339 | INFO |  - Modèle entraîné et sauvegardé : models\best_severity_model.joblib
2026-01-21 15:13:07,340 | INFO |  - Métriques : {
  "f1_macro": 0.9614171647066384,
  "class_labels": [
    "critical",
    "high",
    "low",
    "medium"
  ]
}
2026-01-21 15:13:07,340 | INFO | -  Étape 3/3 : Prédiction sur Wazuh Indexer...
2026-01-21 15:13:13,413 | INFO |  - Nombre de prédictions réalisées : 2
2026-01-21 15:13:13,413 | INFO | ======================================
2026-01-21 15:13:13,413 | INFO | -  PIPELINE TERMINÉ AVEC SUCCÈS
2026-01-21 15:13:13,413 | INFO | ======================================
2026-01-21 15:15:32,313 | INFO | ======================================
2026-01-21 15:15:32,314 | INFO |  DÉMARRAGE PIPELINE AUTOMATISÉ
2026-01-21 15:15:32,314 | INFO | ======================================
2026-01-21 15:15:32,315 | INFO |  - CSV d'entrée trouvé : wazuh_logs.csv
2026-01-21 15:15:32,315 | INFO | -  Étape 1/3 : Ingestion CSV + export dataset...
2026-01-21 15:15:44,060 | INFO |  - Dataset exporté trouvé : exports/index_dump_auto.csv
2026-01-21 15:15:44,060 | INFO | -  Étape 2/3 : Entraînement ML...
2026-01-21 15:15:53,975 | INFO |  - Modèle ML sauvegardé trouvé : models\best_severity_model.joblib
2026-01-21 15:15:53,976 | INFO |  - Métriques sauvegardées trouvé : models/severity_metrics.json
2026-01-21 15:15:53,976 | INFO |  - Modèle entraîné et sauvegardé : models\best_severity_model.joblib
2026-01-21 15:15:53,976 | INFO |  - Métriques : {
  "f1_macro": 0.9564374098594307,
  "class_labels": [
    "critical",
    "high",
    "low",
    "medium"
  ]
}
2026-01-21 15:15:53,977 | INFO | -  Étape 3/3 : Prédiction sur Wazuh Indexer...
2026-01-21 15:16:02,940 | INFO |  - Nombre de prédictions réalisées : 2
2026-01-21 15:16:02,940 | INFO | ======================================
2026-01-21 15:16:02,940 | INFO | -  PIPELINE TERMINÉ AVEC SUCCÈS
2026-01-21 15:16:02,940 | INFO | ======================================
2026-01-21 15:41:53,453 | INFO | ======================================
2026-01-21 15:41:53,453 | INFO |  DÉMARRAGE PIPELINE AUTOMATISÉ
2026-01-21 15:41:53,454 | INFO | ======================================
2026-01-21 15:41:53,454 | INFO |  - CSV d'entrée trouvé : wazuh_logs.csv
2026-01-21 15:41:53,454 | INFO | -  Étape 1/3 : Ingestion CSV + export dataset...
2026-01-21 15:42:13,715 | INFO | ======================================
2026-01-21 15:42:13,715 | INFO |  DÉMARRAGE PIPELINE AUTOMATISÉ
2026-01-21 15:42:13,716 | INFO | ======================================
2026-01-21 15:42:13,716 | INFO |  - CSV d'entrée trouvé : wazuh_logs.csv
2026-01-21 15:42:13,716 | INFO | -  Étape 1/3 : Ingestion CSV + export dataset...
2026-01-21 15:43:17,069 | INFO | ======================================
2026-01-21 15:43:17,069 | INFO |  DÉMARRAGE PIPELINE AUTOMATISÉ
2026-01-21 15:43:17,069 | INFO | ======================================
2026-01-21 15:43:17,070 | INFO |  - CSV d'entrée trouvé : wazuh_logs.csv
2026-01-21 15:43:17,070 | INFO | -  Étape 1/3 : Ingestion CSV + export dataset...
2026-01-21 15:44:54,316 | INFO | ======================================
2026-01-21 15:44:54,316 | INFO |  DÉMARRAGE PIPELINE AUTOMATISÉ
2026-01-21 15:44:54,317 | INFO | ======================================
2026-01-21 15:44:54,317 | INFO |  - CSV d'entrée trouvé : wazuh_logs.csv
2026-01-21 15:44:54,318 | INFO | -  Étape 1/3 : Ingestion CSV + export dataset...
2026-01-21 15:46:13,771 | INFO | ======================================
2026-01-21 15:46:13,772 | INFO |  DÉMARRAGE PIPELINE AUTOMATISÉ
2026-01-21 15:46:13,772 | INFO | ======================================
2026-01-21 15:46:13,773 | INFO |  - CSV d'entrée trouvé : wazuh_logs.csv
2026-01-21 15:46:13,773 | INFO | -  Étape 1/3 : Ingestion CSV + export dataset...
2026-01-21 15:46:21,563 | INFO |  - Dataset exporté trouvé : exports/index_dump_auto.csv
2026-01-21 15:46:21,563 | INFO | -  Étape 2/3 : Entraînement ML...
2026-01-21 15:46:28,584 | INFO |  - Modèle ML sauvegardé trouvé : models\best_severity_model.joblib
2026-01-21 15:46:28,584 | INFO |  - Métriques sauvegardées trouvé : models/severity_metrics.json
2026-01-21 15:46:28,585 | INFO |  - Modèle entraîné et sauvegardé : models\best_severity_model.joblib
2026-01-21 15:46:28,585 | INFO |  - Métriques : {
  "f1_macro": 0.957850514101023,
  "class_labels": [
    "critical",
    "high",
    "low",
    "medium"
  ]
}
2026-01-21 15:46:28,585 | INFO | -  Étape 3/3 : Prédiction sur Wazuh Indexer...
2026-01-21 15:46:35,148 | INFO |  - Nombre de prédictions réalisées : 2
2026-01-21 15:46:35,148 | INFO | ======================================
2026-01-21 15:46:35,149 | INFO | -  PIPELINE TERMINÉ AVEC SUCCÈS
2026-01-21 15:46:35,149 | INFO | ======================================
2026-01-21 15:48:23,771 | INFO | ======================================
2026-01-21 15:48:23,771 | INFO |  DÉMARRAGE PIPELINE AUTOMATISÉ
2026-01-21 15:48:23,771 | INFO | ======================================
2026-01-21 15:48:23,772 | INFO |  - CSV d'entrée trouvé : wazuh_logs.csv
2026-01-21 15:48:23,772 | INFO | -  Étape 1/3 : Ingestion CSV + export dataset...
2026-01-21 15:48:31,421 | INFO |  - Dataset exporté trouvé : exports/index_dump_auto.csv
2026-01-21 15:48:31,422 | INFO | -  Étape 2/3 : Entraînement ML...
2026-01-21 15:48:38,779 | INFO |  - Modèle ML sauvegardé trouvé : models\best_severity_model.joblib
2026-01-21 15:48:38,779 | INFO |  - Métriques sauvegardées trouvé : models/severity_metrics.json
2026-01-21 15:48:38,780 | INFO |  - Modèle entraîné et sauvegardé : models\best_severity_model.joblib
2026-01-21 15:48:38,780 | INFO |  - Métriques : {
  "f1_macro": 0.9582717603080352,
  "class_labels": [
    "critical",
    "high",
    "low",
    "medium"
  ]
}
2026-01-21 15:48:38,781 | INFO | -  Étape 3/3 : Prédiction sur Wazuh Indexer...
2026-01-21 15:48:44,751 | INFO |  - Nombre de prédictions réalisées : 2
2026-01-21 15:48:44,752 | INFO | ======================================
2026-01-21 15:48:44,752 | INFO | -  PIPELINE TERMINÉ AVEC SUCCÈS
2026-01-21 15:48:44,753 | INFO | ======================================
2026-01-21 15:52:30,757 | INFO | ======================================
2026-01-21 15:52:30,757 | INFO |  DÉMARRAGE PIPELINE AUTOMATISÉ
2026-01-21 15:52:30,757 | INFO | ======================================
2026-01-21 15:52:30,759 | INFO |  - CSV d'entrée trouvé : wazuh_logs.csv
2026-01-21 15:52:30,759 | INFO | -  Étape 1/3 : Ingestion CSV + export dataset...
2026-01-21 15:52:39,415 | INFO |  - Dataset exporté trouvé : exports/index_dump_auto.csv
2026-01-21 15:52:39,416 | INFO | -  Étape 2/3 : Entraînement ML...
2026-01-21 15:52:47,270 | INFO |  - Modèle ML sauvegardé trouvé : models\best_severity_model.joblib
2026-01-21 15:52:47,271 | INFO |  - Métriques sauvegardées trouvé : models/severity_metrics.json
2026-01-21 15:52:47,272 | INFO |  - Modèle entraîné et sauvegardé : models\best_severity_model.joblib
2026-01-21 15:52:47,272 | INFO |  - Métriques : {
  "f1_macro": 0.9599865254640079,
  "class_labels": [
    "critical",
    "high",
    "low",
    "medium"
  ]
}
2026-01-21 15:52:47,272 | INFO | -  Étape 3/3 : Prédiction sur Wazuh Indexer...
2026-01-21 15:52:53,171 | INFO |  - Nombre de prédictions réalisées : 3
2026-01-21 15:52:53,172 | INFO | ======================================
2026-01-21 15:52:53,172 | INFO | -  PIPELINE TERMINÉ AVEC SUCCÈS
2026-01-21 15:52:53,173 | INFO | ======================================
2026-01-21 15:57:09,879 | INFO | ======================================
2026-01-21 15:57:09,880 | INFO |  DÉMARRAGE PIPELINE AUTOMATISÉ
2026-01-21 15:57:09,880 | INFO | ======================================
2026-01-21 15:57:09,881 | INFO |  - CSV d'entrée trouvé : wazuh_logs.csv
2026-01-21 15:57:09,881 | INFO | -  Étape 1/3 : Ingestion CSV + export dataset...
2026-01-21 15:57:18,402 | INFO |  - Dataset exporté trouvé : exports/index_dump_auto.csv
2026-01-21 15:57:18,402 | INFO | -  Étape 2/3 : Entraînement ML...
2026-01-21 15:57:25,373 | INFO |  - Modèle ML sauvegardé trouvé : models\best_severity_model.joblib
2026-01-21 15:57:25,375 | INFO |  - Métriques sauvegardées trouvé : models/severity_metrics.json
2026-01-21 15:57:25,375 | INFO |  - Modèle entraîné et sauvegardé : models\best_severity_model.joblib
2026-01-21 15:57:25,376 | INFO |  - Métriques : {
  "f1_macro": 0.9663014699086959,
  "class_labels": [
    "critical",
    "high",
    "low",
    "medium"
  ]
}
2026-01-21 15:57:25,376 | INFO | -  Étape 3/3 : Prédiction sur Wazuh Indexer...
2026-01-21 15:57:32,455 | INFO |  - Nombre de prédictions réalisées : 500
2026-01-21 15:57:32,455 | INFO | ======================================
2026-01-21 15:57:32,456 | INFO | -  PIPELINE TERMINÉ AVEC SUCCÈS
2026-01-21 15:57:32,456 | INFO | ======================================
2026-01-21 18:30:32,325 | INFO | ======================================
2026-01-21 18:30:32,325 | INFO |  DÉMARRAGE PIPELINE AUTOMATISÉ
2026-01-21 18:30:32,326 | INFO | ======================================
2026-01-21 18:30:32,326 | INFO |  - CSV d'entrée trouvé : wazuh_logs.csv
2026-01-21 18:30:32,327 | INFO | -  Étape 1/3 : Ingestion CSV + export dataset...
2026-01-21 18:30:40,107 | INFO |  - Dataset exporté trouvé : exports/index_dump_auto.csv
2026-01-21 18:30:40,107 | INFO | -  Étape 2/3 : Entraînement ML...
2026-01-21 18:30:47,536 | INFO |  - Modèle ML sauvegardé trouvé : models\best_severity_model.joblib
2026-01-21 18:30:47,536 | INFO |  - Métriques sauvegardées trouvé : models/severity_metrics.json
2026-01-21 18:30:47,537 | INFO |  - Modèle entraîné et sauvegardé : models\best_severity_model.joblib
2026-01-21 18:30:47,537 | INFO |  - Métriques : {
  "f1_macro": 0.9653667994017028,
  "class_labels": [
    "critical",
    "high",
    "low",
    "medium"
  ]
}
2026-01-21 18:30:47,538 | INFO | -  Étape 3/3 : Prédiction sur Wazuh Indexer...
2026-01-21 18:30:53,821 | INFO |  - Nombre de prédictions réalisées : 500
2026-01-21 18:30:53,821 | INFO | ======================================
2026-01-21 18:30:53,822 | INFO | -  PIPELINE TERMINÉ AVEC SUCCÈS
2026-01-21 18:30:53,822 | INFO | ======================================
2026-01-21 18:33:05,661 | INFO | ======================================
2026-01-21 18:33:05,662 | INFO |  DÉMARRAGE PIPELINE AUTOMATISÉ
2026-01-21 18:33:05,662 | INFO | ======================================
2026-01-21 18:33:05,663 | INFO |  - CSV d'entrée trouvé : wazuh_logs.csv
2026-01-21 18:33:05,663 | INFO | -  Étape 1/3 : Ingestion CSV + export dataset...
2026-01-21 18:33:13,429 | INFO |  - Dataset exporté trouvé : exports/index_dump_auto.csv
2026-01-21 18:33:13,429 | INFO | -  Étape 2/3 : Entraînement ML...
2026-01-21 18:33:51,470 | INFO | ======================================
2026-01-21 18:33:51,472 | INFO |  DÉMARRAGE PIPELINE AUTOMATISÉ
2026-01-21 18:33:51,472 | INFO | ======================================
2026-01-21 18:33:51,473 | INFO |  - CSV d'entrée trouvé : wazuh_logs.csv
2026-01-21 18:33:51,474 | INFO | -  Étape 1/3 : Ingestion CSV + export dataset...
2026-01-21 18:33:59,404 | INFO |  - Dataset exporté trouvé : exports/index_dump_auto.csv
2026-01-21 18:33:59,404 | INFO | -  Étape 2/3 : Entraînement ML...
2026-01-21 18:34:53,372 | INFO | ======================================
2026-01-21 18:34:53,373 | INFO |  DÉMARRAGE PIPELINE AUTOMATISÉ
2026-01-21 18:34:53,373 | INFO | ======================================
2026-01-21 18:34:53,373 | INFO |  - CSV d'entrée trouvé : wazuh_logs.csv
2026-01-21 18:34:53,373 | INFO | -  Étape 1/3 : Ingestion CSV + export dataset...
2026-01-21 18:35:01,027 | INFO |  - Dataset exporté trouvé : exports/index_dump_auto.csv
2026-01-21 18:35:01,027 | INFO | -  Étape 2/3 : Entraînement ML...
2026-01-21 18:36:44,413 | INFO | ======================================
2026-01-21 18:36:44,413 | INFO |  DÉMARRAGE PIPELINE AUTOMATISÉ
2026-01-21 18:36:44,413 | INFO | ======================================
2026-01-21 18:36:44,413 | INFO |  - CSV d'entrée trouvé : wazuh_logs.csv
2026-01-21 18:36:44,413 | INFO | -  Étape 1/3 : Ingestion CSV + export dataset...
2026-01-21 18:36:52,980 | INFO |  - Dataset exporté trouvé : exports/index_dump_auto.csv
2026-01-21 18:36:52,980 | INFO | -  Étape 2/3 : Entraînement ML...
2026-01-21 18:54:14,028 | INFO | ======================================
2026-01-21 18:54:14,028 | INFO |  DÉMARRAGE PIPELINE AUTOMATISÉ
2026-01-21 18:54:14,028 | INFO | ======================================
2026-01-21 18:54:14,029 | INFO |  - CSV d'entrée trouvé : wazuh_logs.csv
2026-01-21 18:54:14,029 | INFO | -  Étape 1/3 : Ingestion CSV + export dataset...
2026-01-21 18:54:24,044 | INFO |  - Dataset exporté trouvé : exports/index_dump_auto.csv
2026-01-21 18:54:24,044 | INFO | -  Étape 2/3 : Entraînement ML...
2026-01-21 19:00:04,884 | INFO | ======================================
2026-01-21 19:00:04,884 | INFO |  DÉMARRAGE PIPELINE AUTOMATISÉ
2026-01-21 19:00:04,884 | INFO | ======================================
2026-01-21 19:00:04,885 | INFO |  - CSV d'entrée trouvé : wazuh_logs.csv
2026-01-21 19:00:04,885 | INFO | -  Étape 1/3 : Ingestion CSV + export dataset...
2026-01-21 19:00:15,043 | INFO |  - Dataset exporté trouvé : exports/index_dump_auto.csv
2026-01-21 19:00:15,043 | INFO | -  Étape 2/3 : Entraînement ML...
2026-01-21 19:02:17,166 | ERROR |  -  Métriques sauvegardées introuvable : models/severity_metrics.json
2026-01-21 19:12:06,492 | INFO | ======================================
2026-01-21 19:12:06,494 | INFO |  DÉMARRAGE PIPELINE AUTOMATISÉ
2026-01-21 19:12:06,495 | INFO | ======================================
2026-01-21 19:12:06,495 | INFO |  - CSV d'entrée trouvé : wazuh_logs.csv
2026-01-21 19:12:06,495 | INFO | -  Étape 1/3 : Ingestion CSV + export dataset...
2026-01-21 19:12:13,923 | INFO |  - Dataset exporté trouvé : exports/index_dump_auto.csv
2026-01-21 19:12:13,923 | INFO | -  Étape 2/3 : Entraînement ML...
2026-01-21 19:14:03,870 | ERROR |  -  Métriques sauvegardées introuvable : models/severity_metrics.json
2026-01-21 19:43:53,679 | INFO | ======================================
2026-01-21 19:43:53,680 | INFO |  DÉMARRAGE PIPELINE AUTOMATISÉ
2026-01-21 19:43:53,680 | INFO | ======================================
2026-01-21 19:43:53,681 | INFO |  - CSV d'entrée trouvé : wazuh_logs.csv
2026-01-21 19:43:53,681 | INFO | -  Étape 1/3 : Ingestion CSV + export dataset...
2026-01-21 19:44:02,642 | INFO |  - Dataset exporté trouvé : exports/index_dump_auto.csv
2026-01-21 19:44:02,642 | INFO | -  Étape 2/3 : Entraînement ML...
2026-01-21 19:46:05,871 | INFO |  - Modèle entraîné et sauvegardé : model_path
2026-01-21 19:46:05,873 | INFO |  - Métriques : "metrics_path"
2026-01-21 19:46:05,874 | INFO | -  Étape 3/3 : Prédiction sur Wazuh Indexer...
2026-01-21 19:57:28,814 | INFO | ======================================
2026-01-21 19:57:28,815 | INFO |  DÉMARRAGE PIPELINE AUTOMATISÉ
2026-01-21 19:57:28,815 | INFO | ======================================
2026-01-21 19:57:28,815 | INFO |  - CSV d'entrée trouvé : wazuh_logs.csv
2026-01-21 19:57:28,815 | INFO | -  Étape 1/3 : Ingestion CSV + export dataset...
2026-01-21 19:57:37,237 | INFO |  - Dataset exporté trouvé : exports/index_dump_auto.csv
2026-01-21 19:57:37,237 | INFO | -  Étape 2/3 : Entraînement ML...
2026-01-21 19:59:26,139 | INFO |  - Modèle entraîné et sauvegardé : model_path
2026-01-21 19:59:26,139 | INFO |  - Métriques : "metrics_path"
2026-01-21 19:59:26,139 | INFO | -  Étape 3/3 : Prédiction sur Wazuh Indexer...
2026-01-21 20:01:52,554 | INFO | ======================================
2026-01-21 20:01:52,554 | INFO |  DÉMARRAGE PIPELINE AUTOMATISÉ
2026-01-21 20:01:52,554 | INFO | ======================================
2026-01-21 20:01:52,555 | INFO |  - CSV d'entrée trouvé : wazuh_logs.csv
2026-01-21 20:01:52,555 | INFO | -  Étape 1/3 : Ingestion CSV + export dataset...
2026-01-21 20:02:02,021 | INFO |  - Dataset exporté trouvé : exports/index_dump_auto.csv
2026-01-21 20:02:02,021 | INFO | -  Étape 2/3 : Entraînement ML...
2026-01-21 20:03:54,501 | INFO |  - Modèle entraîné et sauvegardé : model_path
2026-01-21 20:03:54,502 | INFO |  - Métriques : "metrics_path"
2026-01-21 20:03:54,504 | INFO | -  Étape 3/3 : Prédiction sur Wazuh Indexer...
2026-01-21 20:03:56,795 | INFO |  - Nombre de prédictions réalisées : 500
2026-01-21 20:03:56,796 | INFO | ======================================
2026-01-21 20:03:56,797 | INFO | -  PIPELINE TERMINÉ AVEC SUCCÈS
2026-01-21 20:03:56,798 | INFO | ======================================
